500068392@upes-500068392 MINGW64 ~
$ cd e:

500068392@upes-500068392 MINGW64 /e (master)
$ mkdir Midsem_R171218093

500068392@upes-500068392 MINGW64 /e (master)
$ mkdir subfolder

500068392@upes-500068392 MINGW64 /e (master)
$ git remote -v

500068392@upes-500068392 MINGW64 /e (master)
$ cd Midsem_R171218093

500068392@upes-500068392 MINGW64 /e/Midsem_R171218093 (master)
$ ls
subfolder/

500068392@upes-500068392 MINGW64 /e/Midsem_R171218093 (master)
$ vi read.doc

500068392@upes-500068392 MINGW64 /e/Midsem_R171218093 (master)
$ cd subfolder

500068392@upes-500068392 MINGW64 /e/Midsem_R171218093/subfolder (master)
$ vi readsub.doc

500068392@upes-500068392 MINGW64 /e/Midsem_R171218093/subfolder (master)
$ cd ..

500068392@upes-500068392 MINGW64 /e/Midsem_R171218093 (master)
$ ls
read.doc  subfolder/

500068392@upes-500068392 MINGW64 /e/Midsem_R171218093 (master)
$ vi .gitignore

500068392@upes-500068392 MINGW64 /e/Midsem_R171218093 (master)
$ cat .gitignore
*.doc
!subfolder/*.doc


500068392@upes-500068392 MINGW64 /e/Midsem_R171218093 (master)
$ git add .gitignore
warning: LF will be replaced by CRLF in Midsem_R171218093/.gitignore.
The file will have its original line endings in your working directory

500068392@upes-500068392 MINGW64 /e/Midsem_R171218093 (master)
$ git commit -m "Creating the .gitignore file"
[master 733b530] Creating the .gitignore file
 Committer: SHASHWAT KUMAR <500068392@DDN.UPES.AC.IN>
Your name and email address were configured automatically based
on your username and hostname. Please check that they are accurate.
You can suppress this message by setting them explicitly:

    git config --global user.name "Your Name"
    git config --global user.email you@example.com

After doing this, you may fix the identity used for this commit with:

    git commit --amend --reset-author

 1 file changed, 3 insertions(+)
 create mode 100644 Midsem_R171218093/.gitignore

500068392@upes-500068392 MINGW64 /e/Midsem_R171218093 (master)
$ git remote add origin https://github.com/shashwat9kumar/Midsem_R171218093.git

500068392@upes-500068392 MINGW64 /e/Midsem_R171218093 (master)
$ git push origin master
Enumerating objects: 5, done.
Counting objects: 100% (5/5), done.
Delta compression using up to 4 threads
Compressing objects: 100% (3/3), done.
Writing objects: 100% (5/5), 537 bytes | 59.00 KiB/s, done.
Total 5 (delta 0), reused 0 (delta 0)
To https://github.com/shashwat9kumar/Midsem_R171218093.git
 * [new branch]      master -> master

500068392@upes-500068392 MINGW64 /e/Midsem_R171218093 (master)
$ vi read.doc

500068392@upes-500068392 MINGW64 /e/Midsem_R171218093 (master)
$ cd subfolder

500068392@upes-500068392 MINGW64 /e/Midsem_R171218093/subfolder (master)
$ vi readsub.doc

500068392@upes-500068392 MINGW64 /e/Midsem_R171218093/subfolder (master)
$ cd ..

500068392@upes-500068392 MINGW64 /e/Midsem_R171218093 (master)
$ git add .
warning: LF will be replaced by CRLF in Midsem_R171218093/subfolder/readsub.doc.
The file will have its original line endings in your working directory

500068392@upes-500068392 MINGW64 /e/Midsem_R171218093 (master)
$ git status
warning: could not open directory '$RECYCLE.BIN/S-1-5-21-494758146-3667195045-2325772680-1001/': Permission denied
warning: could not open directory 'System Volume Information/': Permission denied
On branch master
Changes to be committed:
  (use "git reset HEAD <file>..." to unstage)

        new file:   subfolder/readsub.doc

Untracked files:
  (use "git add <file>..." to include in what will be committed)

        ../$RECYCLE.BIN/
        ../MonitKapoor/
        ../SCM-lab/
        ../SK/
        ../SK1/
        ../fol/
        ../folder/
        ../log-of-18th-march-for-exam.txt
        ../my1/
        ../myRepo/
        ../myfolder/


500068392@upes-500068392 MINGW64 /e/Midsem_R171218093 (master)
$ git commit -m "Committing the doc file in the subfolder and not in the parent folder"
[master 18604b0] Committing the doc file in the subfolder and not in the parent folder
 Committer: SHASHWAT KUMAR <500068392@DDN.UPES.AC.IN>
Your name and email address were configured automatically based
on your username and hostname. Please check that they are accurate.
You can suppress this message by setting them explicitly:

    git config --global user.name "Your Name"
    git config --global user.email you@example.com

After doing this, you may fix the identity used for this commit with:

    git commit --amend --reset-author

 1 file changed, 3 insertions(+)
 create mode 100644 Midsem_R171218093/subfolder/readsub.doc

500068392@upes-500068392 MINGW64 /e/Midsem_R171218093 (master)
$ git push origin master
Enumerating objects: 7, done.
Counting objects: 100% (7/7), done.
Delta compression using up to 4 threads
Compressing objects: 100% (4/4), done.
Writing objects: 100% (5/5), 519 bytes | 129.00 KiB/s, done.
Total 5 (delta 0), reused 0 (delta 0)
To https://github.com/shashwat9kumar/Midsem_R171218093.git
   733b530..18604b0  master -> master

500068392@upes-500068392 MINGW64 /e/Midsem_R171218093 (master)
$ git touch program.cpp
git: 'touch' is not a git command. See 'git --help'.

500068392@upes-500068392 MINGW64 /e/Midsem_R171218093 (master)
$ touch program.cpp

500068392@upes-500068392 MINGW64 /e/Midsem_R171218093 (master)
$ vi program.cpp

500068392@upes-500068392 MINGW64 /e/Midsem_R171218093 (master)
$ git add .
warning: LF will be replaced by CRLF in Midsem_R171218093/program.cpp.
The file will have its original line endings in your working directory

500068392@upes-500068392 MINGW64 /e/Midsem_R171218093 (master)
$ git commit -m "program with only class, its constructor and a main"
[master 855d619] program with only class, its constructor and a main
 Committer: SHASHWAT KUMAR <500068392@DDN.UPES.AC.IN>
Your name and email address were configured automatically based
on your username and hostname. Please check that they are accurate.
You can suppress this message by setting them explicitly:

    git config --global user.name "Your Name"
    git config --global user.email you@example.com

After doing this, you may fix the identity used for this commit with:

    git commit --amend --reset-author

 1 file changed, 21 insertions(+)
 create mode 100644 Midsem_R171218093/program.cpp

500068392@upes-500068392 MINGW64 /e/Midsem_R171218093 (master)
$ git push origin master
Enumerating objects: 6, done.
Counting objects: 100% (6/6), done.
Delta compression using up to 4 threads
Compressing objects: 100% (4/4), done.
Writing objects: 100% (4/4), 628 bytes | 104.00 KiB/s, done.
Total 4 (delta 0), reused 0 (delta 0)
To https://github.com/shashwat9kumar/Midsem_R171218093.git
   18604b0..855d619  master -> master

500068392@upes-500068392 MINGW64 /e/Midsem_R171218093 (master)
$ git pull origin master
remote: Enumerating objects: 3, done.
remote: Counting objects: 100% (3/3), done.
remote: Compressing objects: 100% (1/1), done.
remote: Total 2 (delta 0), reused 0 (delta 0), pack-reused 0
Unpacking objects: 100% (2/2), done.
From https://github.com/shashwat9kumar/Midsem_R171218093
 * branch            master     -> FETCH_HEAD
   855d619..6f92608  master     -> origin/master
Updating 855d619..6f92608
Fast-forward
 .gitignore | 3 ---
 1 file changed, 3 deletions(-)
 delete mode 100644 .gitignore

500068392@upes-500068392 MINGW64 /e/Midsem_R171218093 (master)
$ vi program.cpp

500068392@upes-500068392 MINGW64 /e/Midsem_R171218093 (master)
$ git add .
warning: LF will be replaced by CRLF in Midsem_R171218093/program.cpp.
The file will have its original line endings in your working directory

500068392@upes-500068392 MINGW64 /e/Midsem_R171218093 (master)
$ git commit -m "add and subtract functions added to program"
[master 44e0443] add and subtract functions added to program
 Committer: SHASHWAT KUMAR <500068392@DDN.UPES.AC.IN>
Your name and email address were configured automatically based
on your username and hostname. Please check that they are accurate.
You can suppress this message by setting them explicitly:

    git config --global user.name "Your Name"
    git config --global user.email you@example.com

After doing this, you may fix the identity used for this commit with:

    git commit --amend --reset-author

 1 file changed, 14 insertions(+)

500068392@upes-500068392 MINGW64 /e/Midsem_R171218093 (master)
$ git push origin master
Enumerating objects: 7, done.
Counting objects: 100% (7/7), done.
Delta compression using up to 4 threads
Compressing objects: 100% (3/3), done.
Writing objects: 100% (4/4), 660 bytes | 60.00 KiB/s, done.
Total 4 (delta 0), reused 0 (delta 0)
To https://github.com/shashwat9kumar/Midsem_R171218093.git
   6f92608..44e0443  master -> master

500068392@upes-500068392 MINGW64 /e/Midsem_R171218093 (master)
$ vi program.cpp

500068392@upes-500068392 MINGW64 /e/Midsem_R171218093 (master)
$ git add .
warning: LF will be replaced by CRLF in Midsem_R171218093/program.cpp.
The file will have its original line endings in your working directory

500068392@upes-500068392 MINGW64 /e/Midsem_R171218093 (master)
$ git commit -m "added functions multiply and quotient to program"
[master 2dd25f1] added functions multiply and quotient to program
 Committer: SHASHWAT KUMAR <500068392@DDN.UPES.AC.IN>
Your name and email address were configured automatically based
on your username and hostname. Please check that they are accurate.
You can suppress this message by setting them explicitly:

    git config --global user.name "Your Name"
    git config --global user.email you@example.com

After doing this, you may fix the identity used for this commit with:

    git commit --amend --reset-author

 1 file changed, 14 insertions(+)

500068392@upes-500068392 MINGW64 /e/Midsem_R171218093 (master)
$ git push origin master
Enumerating objects: 7, done.
Counting objects: 100% (7/7), done.
Delta compression using up to 4 threads
Compressing objects: 100% (3/3), done.
Writing objects: 100% (4/4), 562 bytes | 187.00 KiB/s, done.
Total 4 (delta 1), reused 0 (delta 0)
remote: Resolving deltas: 100% (1/1), completed with 1 local object.
To https://github.com/shashwat9kumar/Midsem_R171218093.git
   44e0443..2dd25f1  master -> master

500068392@upes-500068392 MINGW64 /e/Midsem_R171218093 (master)
$ git log --oneline
2dd25f1 (HEAD -> master, origin/master) added functions multiply and quotient to program
44e0443 add and subtract functions added to program
6f92608 Delete .gitignore
855d619 program with only class, its constructor and a main
18604b0 Committing the doc file in the subfolder and not in the parent folder
733b530 Creating the .gitignore file
bfb6f91 Created the .gitignore file

500068392@upes-500068392 MINGW64 /e/Midsem_R171218093 (master)
$ git diff 2dd25f1 44e0443
diff --git a/Midsem_R171218093/program.cpp b/Midsem_R171218093/program.cpp
index 7f17b2b..3e5f3f6 100644
--- a/Midsem_R171218093/program.cpp
+++ b/Midsem_R171218093/program.cpp
@@ -23,18 +23,6 @@ class MidSem
                return (x-y);               //creation of function int subtract(commit 3)
        }

-       int multiply()
-       {
-               return (x*y);              // creation of function int multiply (commit 3)
-       }
-
-       int quotient()
-       {
-               return (x/y);              // creation of function int quotient (commit 3)
-       }
-
-
-

 };
 int main()

500068392@upes-500068392 MINGW64 /e/Midsem_R171218093 (master)
$ git diff 44e0443 855d619
diff --git a/.gitignore b/.gitignore
new file mode 100644
index 0000000..d354431
--- /dev/null
+++ b/.gitignore
@@ -0,0 +1,3 @@
+*.doc
+!subfolder/*.doc
+
diff --git a/Midsem_R171218093/program.cpp b/Midsem_R171218093/program.cpp
index 3e5f3f6..62bf60b 100644
--- a/Midsem_R171218093/program.cpp
+++ b/Midsem_R171218093/program.cpp
@@ -13,23 +13,9 @@ class MidSem
                y=b;
        }

-       int add()
-       {
-               return (x+y);              // creation of function int add(commit 2)
-       }
-
-       int subtract()

500068392@upes-500068392 MINGW64 /e/Midsem_R171218093 (master)
$ vi file1.txt

500068392@upes-500068392 MINGW64 /e/Midsem_R171218093 (master)
$ vi file2.txt

500068392@upes-500068392 MINGW64 /e/Midsem_R171218093 (master)
$ vi file3.txt

500068392@upes-500068392 MINGW64 /e/Midsem_R171218093 (master)
$ git add .
warning: LF will be replaced by CRLF in Midsem_R171218093/file1.txt.
The file will have its original line endings in your working directory
warning: LF will be replaced by CRLF in Midsem_R171218093/file2.txt.
The file will have its original line endings in your working directory
warning: LF will be replaced by CRLF in Midsem_R171218093/file3.txt.
The file will have its original line endings in your working directory

500068392@upes-500068392 MINGW64 /e/Midsem_R171218093 (master)
$ git commit -m "use of reset tool 3.1"
[master 4bfa9b8] use of reset tool 3.1
 Committer: SHASHWAT KUMAR <500068392@DDN.UPES.AC.IN>
Your name and email address were configured automatically based
on your username and hostname. Please check that they are accurate.
You can suppress this message by setting them explicitly:

    git config --global user.name "Your Name"
    git config --global user.email you@example.com

After doing this, you may fix the identity used for this commit with:

    git commit --amend --reset-author

 3 files changed, 5 insertions(+)
 create mode 100644 Midsem_R171218093/file1.txt
 create mode 100644 Midsem_R171218093/file2.txt
 create mode 100644 Midsem_R171218093/file3.txt

500068392@upes-500068392 MINGW64 /e/Midsem_R171218093 (master)
$ git push origin master
Enumerating objects: 8, done.
Counting objects: 100% (8/8), done.
Delta compression using up to 4 threads
Compressing objects: 100% (2/2), done.
Writing objects: 100% (6/6), 523 bytes | 58.00 KiB/s, done.
Total 6 (delta 0), reused 0 (delta 0)
To https://github.com/shashwat9kumar/Midsem_R171218093.git
   2dd25f1..4bfa9b8  master -> master

500068392@upes-500068392 MINGW64 /e/Midsem_R171218093 (master)
$ vi file1.txt

500068392@upes-500068392 MINGW64 /e/Midsem_R171218093 (master)
$ vi file2.txt

500068392@upes-500068392 MINGW64 /e/Midsem_R171218093 (master)
$ git add .
warning: LF will be replaced by CRLF in Midsem_R171218093/file1.txt.
The file will have its original line endings in your working directory
warning: LF will be replaced by CRLF in Midsem_R171218093/file2.txt.
The file will have its original line endings in your working directory

500068392@upes-500068392 MINGW64 /e/Midsem_R171218093 (master)
$ git commit -m "use of reset tool 3.2(changed file1.txt and file2.txt)"
[master b3360cc] use of reset tool 3.2(changed file1.txt and file2.txt)
 Committer: SHASHWAT KUMAR <500068392@DDN.UPES.AC.IN>
Your name and email address were configured automatically based
on your username and hostname. Please check that they are accurate.
You can suppress this message by setting them explicitly:

    git config --global user.name "Your Name"
    git config --global user.email you@example.com

After doing this, you may fix the identity used for this commit with:

    git commit --amend --reset-author

 2 files changed, 4 insertions(+), 1 deletion(-)

500068392@upes-500068392 MINGW64 /e/Midsem_R171218093 (master)
$ git push origin master
Enumerating objects: 9, done.
Counting objects: 100% (9/9), done.
Delta compression using up to 4 threads
Compressing objects: 100% (2/2), done.
Writing objects: 100% (5/5), 478 bytes | 68.00 KiB/s, done.
Total 5 (delta 1), reused 0 (delta 0)
remote: Resolving deltas: 100% (1/1), completed with 1 local object.
To https://github.com/shashwat9kumar/Midsem_R171218093.git
   4bfa9b8..b3360cc  master -> master

500068392@upes-500068392 MINGW64 /e/Midsem_R171218093 (master)
$ vi file1.txt

500068392@upes-500068392 MINGW64 /e/Midsem_R171218093 (master)
$ vi file3.txt

500068392@upes-500068392 MINGW64 /e/Midsem_R171218093 (master)
$ git add .
warning: LF will be replaced by CRLF in Midsem_R171218093/file1.txt.
The file will have its original line endings in your working directory
warning: LF will be replaced by CRLF in Midsem_R171218093/file3.txt.
The file will have its original line endings in your working directory

500068392@upes-500068392 MINGW64 /e/Midsem_R171218093 (master)
$ git commit -m "use of reset tool 3.3(changed file1.txt and file3.txt)"
[master de9a3e7] use of reset tool 3.3(changed file1.txt and file3.txt)
 Committer: SHASHWAT KUMAR <500068392@DDN.UPES.AC.IN>
Your name and email address were configured automatically based
on your username and hostname. Please check that they are accurate.
You can suppress this message by setting them explicitly:

    git config --global user.name "Your Name"
    git config --global user.email you@example.com

After doing this, you may fix the identity used for this commit with:

    git commit --amend --reset-author

 2 files changed, 2 insertions(+)

500068392@upes-500068392 MINGW64 /e/Midsem_R171218093 (master)
$ git push origin master
Enumerating objects: 9, done.
Counting objects: 100% (9/9), done.
Delta compression using up to 4 threads
Compressing objects: 100% (3/3), done.
Writing objects: 100% (5/5), 469 bytes | 156.00 KiB/s, done.
Total 5 (delta 1), reused 0 (delta 0)
remote: Resolving deltas: 100% (1/1), completed with 1 local object.
To https://github.com/shashwat9kumar/Midsem_R171218093.git
   b3360cc..de9a3e7  master -> master

500068392@upes-500068392 MINGW64 /e/Midsem_R171218093 (master)
$ vi file1.txt

500068392@upes-500068392 MINGW64 /e/Midsem_R171218093 (master)
$ vi file2.txt

500068392@upes-500068392 MINGW64 /e/Midsem_R171218093 (master)
$ vi file3.txt

500068392@upes-500068392 MINGW64 /e/Midsem_R171218093 (master)
$ git add .
warning: LF will be replaced by CRLF in Midsem_R171218093/file1.txt.
The file will have its original line endings in your working directory
warning: LF will be replaced by CRLF in Midsem_R171218093/file2.txt.
The file will have its original line endings in your working directory
warning: LF will be replaced by CRLF in Midsem_R171218093/file3.txt.
The file will have its original line endings in your working directory

500068392@upes-500068392 MINGW64 /e/Midsem_R171218093 (master)
$ git commit -m "use of reset tool 3.4(changed file1.txt and file2.txt and file3.txt)"
[master c077150] use of reset tool 3.4(changed file1.txt and file2.txt and file3.txt)
 Committer: SHASHWAT KUMAR <500068392@DDN.UPES.AC.IN>
Your name and email address were configured automatically based
on your username and hostname. Please check that they are accurate.
You can suppress this message by setting them explicitly:

    git config --global user.name "Your Name"
    git config --global user.email you@example.com

After doing this, you may fix the identity used for this commit with:

    git commit --amend --reset-author

 3 files changed, 3 insertions(+)

500068392@upes-500068392 MINGW64 /e/Midsem_R171218093 (master)
$ git push origin master
Enumerating objects: 11, done.
Counting objects: 100% (11/11), done.
Delta compression using up to 4 threads
Compressing objects: 100% (5/5), done.
Writing objects: 100% (6/6), 647 bytes | 80.00 KiB/s, done.
Total 6 (delta 0), reused 0 (delta 0)
To https://github.com/shashwat9kumar/Midsem_R171218093.git
   de9a3e7..c077150  master -> master

500068392@upes-500068392 MINGW64 /e/Midsem_R171218093 (master)
$ vi file2.txt

500068392@upes-500068392 MINGW64 /e/Midsem_R171218093 (master)
$ vi file3.txt

500068392@upes-500068392 MINGW64 /e/Midsem_R171218093 (master)
$ git add .
warning: LF will be replaced by CRLF in Midsem_R171218093/file2.txt.
The file will have its original line endings in your working directory
warning: LF will be replaced by CRLF in Midsem_R171218093/file3.txt.
The file will have its original line endings in your working directory

500068392@upes-500068392 MINGW64 /e/Midsem_R171218093 (master)
$ git log --oneline
c077150 (HEAD -> master, origin/master) use of reset tool 3.4(changed file1.txt and file2.txt and file3.txt)
de9a3e7 use of reset tool 3.3(changed file1.txt and file3.txt)
b3360cc use of reset tool 3.2(changed file1.txt and file2.txt)
4bfa9b8 use of reset tool 3.1
2dd25f1 added functions multiply and quotient to program
44e0443 add and subtract functions added to program
6f92608 Delete .gitignore
855d619 program with only class, its constructor and a main
18604b0 Committing the doc file in the subfolder and not in the parent folder
733b530 Creating the .gitignore file
bfb6f91 Created the .gitignore file

500068392@upes-500068392 MINGW64 /e/Midsem_R171218093 (master)
$ cat fil1.txt
cat: fil1.txt: No such file or directory

500068392@upes-500068392 MINGW64 /e/Midsem_R171218093 (master)
$ cat file1.txt
file1.txt
changes done for commit 2
changes done for commit 3
changes done for commit 4


500068392@upes-500068392 MINGW64 /e/Midsem_R171218093 (master)
$ git status
warning: could not open directory '$RECYCLE.BIN/S-1-5-21-494758146-3667195045-2325772680-1001/': Permission denied
warning: could not open directory 'System Volume Information/': Permission denied
On branch master
Changes to be committed:
  (use "git reset HEAD <file>..." to unstage)

        modified:   file2.txt
        modified:   file3.txt

Untracked files:
  (use "git add <file>..." to include in what will be committed)

        ../$RECYCLE.BIN/
        ../MonitKapoor/
        ../SCM-lab/
        ../SK/
        ../SK1/
        ../fol/
        ../folder/
        ../log-of-18th-march-for-exam.txt
        ../my1/
        ../myRepo/
        ../myfolder/


500068392@upes-500068392 MINGW64 /e/Midsem_R171218093 (master)
$ git reset --soft HEAD~2

500068392@upes-500068392 MINGW64 /e/Midsem_R171218093 (master)
$ git status
warning: could not open directory '$RECYCLE.BIN/S-1-5-21-494758146-3667195045-2325772680-1001/': Permission denied
warning: could not open directory 'System Volume Information/': Permission denied
On branch master
Changes to be committed:
  (use "git reset HEAD <file>..." to unstage)

        modified:   file1.txt
        modified:   file2.txt
        modified:   file3.txt

Untracked files:
  (use "git add <file>..." to include in what will be committed)

        ../$RECYCLE.BIN/
        ../MonitKapoor/
        ../SCM-lab/
        ../SK/
        ../SK1/
        ../fol/
        ../folder/
        ../log-of-18th-march-for-exam.txt
        ../my1/
        ../myRepo/
        ../myfolder/


500068392@upes-500068392 MINGW64 /e/Midsem_R171218093 (master)
$ cat file1.txt
file1.txt
changes done for commit 2
changes done for commit 3
changes done for commit 4


500068392@upes-500068392 MINGW64 /e/Midsem_R171218093 (master)
$ git log --oneline
b3360cc (HEAD -> master) use of reset tool 3.2(changed file1.txt and file2.txt)
4bfa9b8 use of reset tool 3.1
2dd25f1 added functions multiply and quotient to program
44e0443 add and subtract functions added to program
6f92608 Delete .gitignore
855d619 program with only class, its constructor and a main
18604b0 Committing the doc file in the subfolder and not in the parent folder
733b530 Creating the .gitignore file
bfb6f91 Created the .gitignore file

500068392@upes-500068392 MINGW64 /e/Midsem_R171218093 (master)
$ git pull origin master
From https://github.com/shashwat9kumar/Midsem_R171218093
 * branch            master     -> FETCH_HEAD
error: Your local changes to the following files would be overwritten by merge:
        Midsem_R171218093/file2.txt
        Midsem_R171218093/file3.txt
Please commit your changes or stash them before you merge.
Aborting
Updating b3360cc..c077150

500068392@upes-500068392 MINGW64 /e/Midsem_R171218093 (master)
$ git commit -a -m "committing"
[master 146a716] committing
 Committer: SHASHWAT KUMAR <500068392@DDN.UPES.AC.IN>
Your name and email address were configured automatically based
on your username and hostname. Please check that they are accurate.
You can suppress this message by setting them explicitly:

    git config --global user.name "Your Name"
    git config --global user.email you@example.com

After doing this, you may fix the identity used for this commit with:

    git commit --amend --reset-author

 3 files changed, 7 insertions(+)

500068392@upes-500068392 MINGW64 /e/Midsem_R171218093 (master)
$ git push origin master
To https://github.com/shashwat9kumar/Midsem_R171218093.git
 ! [rejected]        master -> master (non-fast-forward)
error: failed to push some refs to 'https://github.com/shashwat9kumar/Midsem_R171218093.git'
hint: Updates were rejected because the tip of your current branch is behind
hint: its remote counterpart. Integrate the remote changes (e.g.
hint: 'git pull ...') before pushing again.
hint: See the 'Note about fast-forwards' in 'git push --help' for details.

500068392@upes-500068392 MINGW64 /e/Midsem_R171218093 (master)
$ git pull origin master
From https://github.com/shashwat9kumar/Midsem_R171218093
 * branch            master     -> FETCH_HEAD
Auto-merging Midsem_R171218093/file3.txt
CONFLICT (content): Merge conflict in Midsem_R171218093/file3.txt
Auto-merging Midsem_R171218093/file2.txt
CONFLICT (content): Merge conflict in Midsem_R171218093/file2.txt
Automatic merge failed; fix conflicts and then commit the result.

500068392@upes-500068392 MINGW64 /e/Midsem_R171218093 (master|MERGING)
$ git commit -a -m "commit"
[master 900ff80] commit
 Committer: SHASHWAT KUMAR <500068392@DDN.UPES.AC.IN>
Your name and email address were configured automatically based
on your username and hostname. Please check that they are accurate.
You can suppress this message by setting them explicitly:

    git config --global user.name "Your Name"
    git config --global user.email you@example.com

After doing this, you may fix the identity used for this commit with:

    git commit --amend --reset-author


500068392@upes-500068392 MINGW64 /e/Midsem_R171218093 (master)
$ git push origin master
Enumerating objects: 18, done.
Counting objects: 100% (18/18), done.
Delta compression using up to 4 threads
Compressing objects: 100% (8/8), done.
Writing objects: 100% (10/10), 1.02 KiB | 87.00 KiB/s, done.
Total 10 (delta 2), reused 0 (delta 0)
remote: Resolving deltas: 100% (2/2), completed with 1 local object.
To https://github.com/shashwat9kumar/Midsem_R171218093.git
   c077150..900ff80  master -> master

500068392@upes-500068392 MINGW64 /e/Midsem_R171218093 (master)
$ git pull origin master
From https://github.com/shashwat9kumar/Midsem_R171218093
 * branch            master     -> FETCH_HEAD
Already up to date.

500068392@upes-500068392 MINGW64 /e/Midsem_R171218093 (master)
$ git log --oneline
900ff80 (HEAD -> master, origin/master) commit
146a716 committing
c077150 use of reset tool 3.4(changed file1.txt and file2.txt and file3.txt)
de9a3e7 use of reset tool 3.3(changed file1.txt and file3.txt)
b3360cc use of reset tool 3.2(changed file1.txt and file2.txt)
4bfa9b8 use of reset tool 3.1
2dd25f1 added functions multiply and quotient to program
44e0443 add and subtract functions added to program
6f92608 Delete .gitignore
855d619 program with only class, its constructor and a main
18604b0 Committing the doc file in the subfolder and not in the parent folder
733b530 Creating the .gitignore file
bfb6f91 Created the .gitignore file

500068392@upes-500068392 MINGW64 /e/Midsem_R171218093 (master)
$ git reset --hard HEAD~2
HEAD is now at b3360cc use of reset tool 3.2(changed file1.txt and file2.txt)

500068392@upes-500068392 MINGW64 /e/Midsem_R171218093 (master)
$ git status
warning: could not open directory '$RECYCLE.BIN/S-1-5-21-494758146-3667195045-2325772680-1001/': Permission denied
warning: could not open directory 'System Volume Information/': Permission denied
On branch master
Untracked files:
  (use "git add <file>..." to include in what will be committed)

        ../$RECYCLE.BIN/
        ../MonitKapoor/
        ../SCM-lab/
        ../SK/
        ../SK1/
        ../fol/
        ../folder/
        ../log-of-18th-march-for-exam.txt
        ../my1/
        ../myRepo/
        ../myfolder/

nothing added to commit but untracked files present (use "git add" to track)

500068392@upes-500068392 MINGW64 /e/Midsem_R171218093 (master)
$ git log --oneline
b3360cc (HEAD -> master) use of reset tool 3.2(changed file1.txt and file2.txt)
4bfa9b8 use of reset tool 3.1
2dd25f1 added functions multiply and quotient to program
44e0443 add and subtract functions added to program
6f92608 Delete .gitignore
855d619 program with only class, its constructor and a main
18604b0 Committing the doc file in the subfolder and not in the parent folder
733b530 Creating the .gitignore file
bfb6f91 Created the .gitignore file

500068392@upes-500068392 MINGW64 /e/Midsem_R171218093 (master)
$ cat file1.txt
file1.txt
changes done for commit 2


500068392@upes-500068392 MINGW64 /e/Midsem_R171218093 (master)
$ git pull origin master
From https://github.com/shashwat9kumar/Midsem_R171218093
 * branch            master     -> FETCH_HEAD
Updating b3360cc..900ff80
Fast-forward
 Midsem_R171218093/file1.txt | 2 ++
 Midsem_R171218093/file2.txt | 5 +++++
 Midsem_R171218093/file3.txt | 6 ++++++
 3 files changed, 13 insertions(+)

500068392@upes-500068392 MINGW64 /e/Midsem_R171218093 (master)
$ git log --oneline
900ff80 (HEAD -> master, origin/master) commit
146a716 committing
c077150 use of reset tool 3.4(changed file1.txt and file2.txt and file3.txt)
de9a3e7 use of reset tool 3.3(changed file1.txt and file3.txt)
b3360cc use of reset tool 3.2(changed file1.txt and file2.txt)
4bfa9b8 use of reset tool 3.1
2dd25f1 added functions multiply and quotient to program
44e0443 add and subtract functions added to program
6f92608 Delete .gitignore
855d619 program with only class, its constructor and a main
18604b0 Committing the doc file in the subfolder and not in the parent folder
733b530 Creating the .gitignore file
bfb6f91 Created the .gitignore file

500068392@upes-500068392 MINGW64 /e/Midsem_R171218093 (master)
$ git reset --mixed HEAD~2
Unstaged changes after reset:
M       Midsem_R171218093/file1.txt
M       Midsem_R171218093/file2.txt
M       Midsem_R171218093/file3.txt

500068392@upes-500068392 MINGW64 /e/Midsem_R171218093 (master)
$ git status
warning: could not open directory '$RECYCLE.BIN/S-1-5-21-494758146-3667195045-2325772680-1001/': Permission denied
warning: could not open directory 'System Volume Information/': Permission denied
On branch master
Changes not staged for commit:
  (use "git add <file>..." to update what will be committed)
  (use "git checkout -- <file>..." to discard changes in working directory)

        modified:   file1.txt
        modified:   file2.txt
        modified:   file3.txt

Untracked files:
  (use "git add <file>..." to include in what will be committed)

        ../$RECYCLE.BIN/
        ../MonitKapoor/
        ../SCM-lab/
        ../SK/
        ../SK1/
        ../fol/
        ../folder/
        ../log-of-18th-march-for-exam.txt
        ../my1/
        ../myRepo/
        ../myfolder/

no changes added to commit (use "git add" and/or "git commit -a")

500068392@upes-500068392 MINGW64 /e/Midsem_R171218093 (master)
$ cat file1.txt
file1.txt
changes done for commit 2
changes done for commit 3
changes done for commit 4


500068392@upes-500068392 MINGW64 /e/Midsem_R171218093 (master)
$ git log --oneline
b3360cc (HEAD -> master) use of reset tool 3.2(changed file1.txt and file2.txt)
4bfa9b8 use of reset tool 3.1
2dd25f1 added functions multiply and quotient to program
44e0443 add and subtract functions added to program
6f92608 Delete .gitignore
855d619 program with only class, its constructor and a main
18604b0 Committing the doc file in the subfolder and not in the parent folder
733b530 Creating the .gitignore file
bfb6f91 Created the .gitignore file

500068392@upes-500068392 MINGW64 /e/Midsem_R171218093 (master)
$ git commit -a -m "commit for mixed"
[master 7fd437d] commit for mixed
 Committer: SHASHWAT KUMAR <500068392@DDN.UPES.AC.IN>
Your name and email address were configured automatically based
on your username and hostname. Please check that they are accurate.
You can suppress this message by setting them explicitly:

    git config --global user.name "Your Name"
    git config --global user.email you@example.com

After doing this, you may fix the identity used for this commit with:

    git commit --amend --reset-author

 3 files changed, 13 insertions(+)

500068392@upes-500068392 MINGW64 /e/Midsem_R171218093 (master)
$ git push orgin master
fatal: 'orgin' does not appear to be a git repository
fatal: Could not read from remote repository.

Please make sure you have the correct access rights
and the repository exists.

500068392@upes-500068392 MINGW64 /e/Midsem_R171218093 (master)
$ git push origin master
To https://github.com/shashwat9kumar/Midsem_R171218093.git
 ! [rejected]        master -> master (non-fast-forward)
error: failed to push some refs to 'https://github.com/shashwat9kumar/Midsem_R171218093.git'
hint: Updates were rejected because the tip of your current branch is behind
hint: its remote counterpart. Integrate the remote changes (e.g.
hint: 'git pull ...') before pushing again.
hint: See the 'Note about fast-forwards' in 'git push --help' for details.

500068392@upes-500068392 MINGW64 /e/Midsem_R171218093 (master)
$ git pull origin master
From https://github.com/shashwat9kumar/Midsem_R171218093
 * branch            master     -> FETCH_HEAD
hint: Waiting for your editor to close the file... error: cannot spawn emacs: No such file or directory
error: unable to start editor 'emacs'
Not committing merge; use 'git commit' to complete the merge.

500068392@upes-500068392 MINGW64 /e/Midsem_R171218093 (master|MERGING)
$ git commit -a -m "commit for mixed 2.0"
[master e25255f] commit for mixed 2.0
 Committer: SHASHWAT KUMAR <500068392@DDN.UPES.AC.IN>
Your name and email address were configured automatically based
on your username and hostname. Please check that they are accurate.
You can suppress this message by setting them explicitly:

    git config --global user.name "Your Name"
    git config --global user.email you@example.com

After doing this, you may fix the identity used for this commit with:

    git commit --amend --reset-author


500068392@upes-500068392 MINGW64 /e/Midsem_R171218093 (master)
$ git push origin master
Enumerating objects: 2, done.
Counting objects: 100% (2/2), done.
Delta compression using up to 4 threads
Compressing objects: 100% (2/2), done.
Writing objects: 100% (2/2), 309 bytes | 103.00 KiB/s, done.
Total 2 (delta 1), reused 0 (delta 0)
remote: Resolving deltas: 100% (1/1), done.
To https://github.com/shashwat9kumar/Midsem_R171218093.git
   900ff80..e25255f  master -> master

500068392@upes-500068392 MINGW64 /e/Midsem_R171218093 (master)
$ git pull origin master
From https://github.com/shashwat9kumar/Midsem_R171218093
 * branch            master     -> FETCH_HEAD
Already up to date.

500068392@upes-500068392 MINGW64 /e/Midsem_R171218093 (master)
$ cat file1.txt
file1.txt
changes done for commit 2
changes done for commit 3
changes done for commit 4


500068392@upes-500068392 MINGW64 /e/Midsem_R171218093 (master)
$ cat file2.txt
file2.txt
changes done for commit 2
changes done for commit 4
<<<<<<< HEAD
changng after commit 4
=======
>>>>>>> c077150b5ca4cd29ff8af9e6711e1caa361f2387


500068392@upes-500068392 MINGW64 /e/Midsem_R171218093 (master)
$ cat file3.txt
file3.txt
changes done for commit 3
changes done for commit 4
<<<<<<< HEAD
changing after commit 4
=======
>>>>>>> c077150b5ca4cd29ff8af9e6711e1caa361f2387


500068392@upes-500068392 MINGW64 /e/Midsem_R171218093 (master)
$ git log --oneline
e25255f (HEAD -> master, origin/master) commit for mixed 2.0
7fd437d commit for mixed
900ff80 commit
146a716 committing
c077150 use of reset tool 3.4(changed file1.txt and file2.txt and file3.txt)
de9a3e7 use of reset tool 3.3(changed file1.txt and file3.txt)
b3360cc use of reset tool 3.2(changed file1.txt and file2.txt)
4bfa9b8 use of reset tool 3.1
2dd25f1 added functions multiply and quotient to program
44e0443 add and subtract functions added to program
6f92608 Delete .gitignore
855d619 program with only class, its constructor and a main
18604b0 Committing the doc file in the subfolder and not in the parent folder
733b530 Creating the .gitignore file
bfb6f91 Created the .gitignore file

500068392@upes-500068392 MINGW64 /e/Midsem_R171218093 (master)
$ git reset --hard HEAD~2
HEAD is now at b3360cc use of reset tool 3.2(changed file1.txt and file2.txt)

500068392@upes-500068392 MINGW64 /e/Midsem_R171218093 (master)
$ git log --oneline
b3360cc (HEAD -> master) use of reset tool 3.2(changed file1.txt and file2.txt)
4bfa9b8 use of reset tool 3.1
2dd25f1 added functions multiply and quotient to program
44e0443 add and subtract functions added to program
6f92608 Delete .gitignore
855d619 program with only class, its constructor and a main
18604b0 Committing the doc file in the subfolder and not in the parent folder
733b530 Creating the .gitignore file
bfb6f91 Created the .gitignore file

500068392@upes-500068392 MINGW64 /e/Midsem_R171218093 (master)
$ cat file1.txt
file1.txt
changes done for commit 2


500068392@upes-500068392 MINGW64 /e/Midsem_R171218093 (master)
$ cat file2.txt
file2.txt
changes done for commit 2


500068392@upes-500068392 MINGW64 /e/Midsem_R171218093 (master)
$ cat file3.txt
file3.txt


500068392@upes-500068392 MINGW64 /e/Midsem_R171218093 (master)
$ git pull origin master
From https://github.com/shashwat9kumar/Midsem_R171218093
 * branch            master     -> FETCH_HEAD
Updating b3360cc..e25255f
Fast-forward
 Midsem_R171218093/file1.txt | 2 ++
 Midsem_R171218093/file2.txt | 5 +++++
 Midsem_R171218093/file3.txt | 6 ++++++
 3 files changed, 13 insertions(+)

500068392@upes-500068392 MINGW64 /e/Midsem_R171218093 (master)
$ git log --oneline
e25255f (HEAD -> master, origin/master) commit for mixed 2.0
7fd437d commit for mixed
900ff80 commit
146a716 committing
c077150 use of reset tool 3.4(changed file1.txt and file2.txt and file3.txt)
de9a3e7 use of reset tool 3.3(changed file1.txt and file3.txt)
b3360cc use of reset tool 3.2(changed file1.txt and file2.txt)
4bfa9b8 use of reset tool 3.1
2dd25f1 added functions multiply and quotient to program
44e0443 add and subtract functions added to program
6f92608 Delete .gitignore
855d619 program with only class, its constructor and a main
18604b0 Committing the doc file in the subfolder and not in the parent folder
733b530 Creating the .gitignore file
bfb6f91 Created the .gitignore file

500068392@upes-500068392 MINGW64 /e/Midsem_R171218093 (master)
$
